The target system is: Android - 1 - x86_64
The host system is: Darwin - 25.6.0 - x86_64
Compiling the C compiler identification source file "CMakeCCompilerId.c" succeeded.
Compiler: /Users/maxmittelstadt/Library/Android/sdk/ndk/27.3.13750724/toolchains/llvm/prebuilt/darwin-x86_64/bin/clang 
Build flags: -g;-DANDROID;-fdata-sections;-ffunction-sections;-funwind-tables;-fstack-protector-strong;-no-canonical-prefixes;-D__BIONIC_NO_PAGE_SIZE_MACRO;-D_FORTIFY_SOURCE=2;-Wformat;-Werror=format-security;
Id flags: -c;--target=x86_64-none-linux-android29 

The output was:
0


Compilation of the C compiler identification source "CMakeCCompilerId.c" produced "CMakeCCompilerId.o"

The C compiler identification is Clang, found in "/Users/maxmittelstadt/Documents/GitHub/LocalPlay/Android/app/.cxx/Debug/6206o4q1/x86_64/CMakeFiles/3.22.1-g37088a8/CompilerIdC/CMakeCCompilerId.o"

Compiling the CXX compiler identification source file "CMakeCXXCompilerId.cpp" succeeded.
Compiler: /Users/maxmittelstadt/Library/Android/sdk/ndk/27.3.13750724/toolchains/llvm/prebuilt/darwin-x86_64/bin/clang++ 
Build flags: -g;-DANDROID;-fdata-sections;-ffunction-sections;-funwind-tables;-fstack-protector-strong;-no-canonical-prefixes;-D__BIONIC_NO_PAGE_SIZE_MACRO;-D_FORTIFY_SOURCE=2;-Wformat;-Werror=format-security;;-std=c++17;-Wall;-Wextra
Id flags: -c;--target=x86_64-none-linux-android29 

The output was:
0


Compilation of the CXX compiler identification source "CMakeCXXCompilerId.cpp" produced "CMakeCXXCompilerId.o"

The CXX compiler identification is Clang, found in "/Users/maxmittelstadt/Documents/GitHub/LocalPlay/Android/app/.cxx/Debug/6206o4q1/x86_64/CMakeFiles/3.22.1-g37088a8/CompilerIdCXX/CMakeCXXCompilerId.o"

Detecting C compiler ABI info compiled with the following output:
Change Dir: /Users/maxmittelstadt/Documents/GitHub/LocalPlay/Android/app/.cxx/Debug/6206o4q1/x86_64/CMakeFiles/CMakeTmp

Run Build Command(s):/Users/maxmittelstadt/Library/Android/sdk/cmake/3.22.1/bin/ninja cmTC_9d04d && [1/2] Building C object CMakeFiles/cmTC_9d04d.dir/CMakeCCompilerABI.c.o
Android (13691557, +pgo, -bolt, +lto, -mlgo, based on r522817d) clang version 18.0.4 (https://android.googlesource.com/toolchain/llvm-project d8003a456d14a3deb8054cdaa529ffbf02d9b262)
Target: x86_64-none-linux-android29
Thread model: posix
InstalledDir: /Users/maxmittelstadt/Library/Android/sdk/ndk/27.3.13750724/toolchains/llvm/prebuilt/darwin-x86_64/bin
 (in-process)
 "/Users/maxmittelstadt/Library/Android/sdk/ndk/27.3.13750724/toolchains/llvm/prebuilt/darwin-x86_64/bin/clang" -cc1 -triple x86_64-none-linux-android29 -emit-obj -mrelax-all -disable-free -clear-ast-before-backend -disable-llvm-verifier -discard-value-names -main-file-name CMakeCCompilerABI.c -mrelocation-model pic -pic-level 2 -pic-is-pie -mframe-pointer=all -ffp-contract=on -fno-rounding-math -mconstructor-aliases -funwind-tables=2 -target-cpu x86-64 -target-feature +sse4.2 -target-feature +popcnt -target-feature +cx16 -tune-cpu generic -debug-info-kind=constructor -dwarf-version=4 -debugger-tuning=gdb -fdebug-compilation-dir=/Users/maxmittelstadt/Documents/GitHub/LocalPlay/Android/app/.cxx/Debug/6206o4q1/x86_64/CMakeFiles/CMakeTmp -v -ffunction-sections -fdata-sections -fcoverage-compilation-dir=/Users/maxmittelstadt/Documents/GitHub/LocalPlay/Android/app/.cxx/Debug/6206o4q1/x86_64/CMakeFiles/CMakeTmp -resource-dir /Users/maxmittelstadt/Library/Android/sdk/ndk/27.3.13750724/toolchains/llvm/prebuilt/darwin-x86_64/lib/clang/18 -dependency-file CMakeFiles/cmTC_9d04d.dir/CMakeCCompilerABI.c.o.d -MT CMakeFiles/cmTC_9d04d.dir/CMakeCCompilerABI.c.o -sys-header-deps -D ANDROID -D __BIONIC_NO_PAGE_SIZE_MACRO -D _FORTIFY_SOURCE=2 -isysroot /Users/maxmittelstadt/Library/Android/sdk/ndk/27.3.13750724/toolchains/llvm/prebuilt/darwin-x86_64/sysroot -internal-isystem /Users/maxmittelstadt/Library/Android/sdk/ndk/27.3.13750724/toolchains/llvm/prebuilt/darwin-x86_64/lib/clang/18/include -internal-isystem /Users/maxmittelstadt/Library/Android/sdk/ndk/27.3.13750724/toolchains/llvm/prebuilt/darwin-x86_64/sysroot/usr/local/include -internal-externc-isystem /Users/maxmittelstadt/Library/Android/sdk/ndk/27.3.13750724/toolchains/llvm/prebuilt/darwin-x86_64/sysroot/usr/include/x86_64-linux-android -internal-externc-isystem /Users/maxmittelstadt/Library/Android/sdk/ndk/27.3.13750724/toolchains/llvm/prebuilt/darwin-x86_64/sysroot/include -internal-externc-isystem /Users/maxmittelstadt/Library/Android/sdk/ndk/27.3.13750724/toolchains/llvm/prebuilt/darwin-x86_64/sysroot/usr/include -Wformat -ferror-limit 19 -stack-protector 2 -fgnuc-version=4.2.1 -D__GCC_HAVE_DWARF2_CFI_ASM=1 -o CMakeFiles/cmTC_9d04d.dir/CMakeCCompilerABI.c.o -x c /Users/maxmittelstadt/Library/Android/sdk/cmake/3.22.1/share/cmake-3.22/Modules/CMakeCCompilerABI.c
clang -cc1 version 18.0.4 based upon LLVM 18.0.4 default target arm64-apple-darwin25.6.0
ignoring nonexistent directory "/Users/maxmittelstadt/Library/Android/sdk/ndk/27.3.13750724/toolchains/llvm/prebuilt/darwin-x86_64/sysroot/usr/local/include"
ignoring nonexistent directory "/Users/maxmittelstadt/Library/Android/sdk/ndk/27.3.13750724/toolchains/llvm/prebuilt/darwin-x86_64/sysroot/include"
#include "..." search starts here:
#include <...> search starts here:
 /Users/maxmittelstadt/Library/Android/sdk/ndk/27.3.13750724/toolchains/llvm/prebuilt/darwin-x86_64/lib/clang/18/include
 /Users/maxmittelstadt/Library/Android/sdk/ndk/27.3.13750724/toolchains/llvm/prebuilt/darwin-x86_64/sysroot/usr/include/x86_64-linux-android
 /Users/maxmittelstadt/Library/Android/sdk/ndk/27.3.13750724/toolchains/llvm/prebuilt/darwin-x86_64/sysroot/usr/include
End of search list.
[2/2] Linking C executable cmTC_9d04d
Android (13691557, +pgo, -bolt, +lto, -mlgo, based on r522817d) clang version 18.0.4 (https://android.googlesource.com/toolchain/llvm-project d8003a456d14a3deb8054cdaa529ffbf02d9b262)
Target: x86_64-none-linux-android29
Thread model: posix
InstalledDir: /Users/maxmittelstadt/Library/Android/sdk/ndk/27.3.13750724/toolchains/llvm/prebuilt/darwin-x86_64/bin
 "/Users/maxmittelstadt/Library/Android/sdk/ndk/27.3.13750724/toolchains/llvm/prebuilt/darwin-x86_64/bin/ld.lld" --sysroot=/Users/maxmittelstadt/Library/Android/sdk/ndk/27.3.13750724/toolchains/llvm/prebuilt/darwin-x86_64/sysroot -z now -z relro --hash-style=gnu --eh-frame-hdr -m elf_x86_64 -pie -dynamic-linker /system/bin/linker64 -o cmTC_9d04d /Users/maxmittelstadt/Library/Android/sdk/ndk/27.3.13750724/toolchains/llvm/prebuilt/darwin-x86_64/sysroot/usr/lib/x86_64-linux-android/29/crtbegin_dynamic.o -L/Users/maxmittelstadt/Library/Android/sdk/ndk/27.3.13750724/toolchains/llvm/prebuilt/darwin-x86_64/lib/clang/18/lib/linux/x86_64 -L/Users/maxmittelstadt/Library/Android/sdk/ndk/27.3.13750724/toolchains/llvm/prebuilt/darwin-x86_64/sysroot/usr/lib/x86_64-linux-android/29 -L/Users/maxmittelstadt/Library/Android/sdk/ndk/27.3.13750724/toolchains/llvm/prebuilt/darwin-x86_64/sysroot/usr/lib/x86_64-linux-android -L/Users/maxmittelstadt/Library/Android/sdk/ndk/27.3.13750724/toolchains/llvm/prebuilt/darwin-x86_64/sysroot/usr/lib -z max-page-size=16384 --build-id=sha1 --no-rosegment --no-undefined-version --fatal-warnings --no-undefined CMakeFiles/cmTC_9d04d.dir/CMakeCCompilerABI.c.o /Users/maxmittelstadt/Library/Android/sdk/ndk/27.3.13750724/toolchains/llvm/prebuilt/darwin-x86_64/lib/clang/18/lib/linux/libclang_rt.builtins-x86_64-android.a -l:libunwind.a -ldl -lc /Users/maxmittelstadt/Library/Android/sdk/ndk/27.3.13750724/toolchains/llvm/prebuilt/darwin-x86_64/lib/clang/18/lib/linux/libclang_rt.builtins-x86_64-android.a -l:libunwind.a -ldl /Users/maxmittelstadt/Library/Android/sdk/ndk/27.3.13750724/toolchains/llvm/prebuilt/darwin-x86_64/sysroot/usr/lib/x86_64-linux-android/29/crtend_android.o



Parsed C implicit include dir info from above output: rv=done
  found start of include info
  found start of implicit include info
    add: [/Users/maxmittelstadt/Library/Android/sdk/ndk/27.3.13750724/toolchains/llvm/prebuilt/darwin-x86_64/lib/clang/18/include]
    add: [/Users/maxmittelstadt/Library/Android/sdk/ndk/27.3.13750724/toolchains/llvm/prebuilt/darwin-x86_64/sysroot/usr/include/x86_64-linux-android]
    add: [/Users/maxmittelstadt/Library/Android/sdk/ndk/27.3.13750724/toolchains/llvm/prebuilt/darwin-x86_64/sysroot/usr/include]
  end of search list found
  collapse include dir [/Users/maxmittelstadt/Library/Android/sdk/ndk/27.3.13750724/toolchains/llvm/prebuilt/darwin-x86_64/lib/clang/18/include] ==> [/Users/maxmittelstadt/Library/Android/sdk/ndk/27.3.13750724/toolchains/llvm/prebuilt/darwin-x86_64/lib/clang/18/include]
  collapse include dir [/Users/maxmittelstadt/Library/Android/sdk/ndk/27.3.13750724/toolchains/llvm/prebuilt/darwin-x86_64/sysroot/usr/include/x86_64-linux-android] ==> [/Users/maxmittelstadt/Library/Android/sdk/ndk/27.3.13750724/toolchains/llvm/prebuilt/darwin-x86_64/sysroot/usr/include/x86_64-linux-android]
  collapse include dir [/Users/maxmittelstadt/Library/Android/sdk/ndk/27.3.13750724/toolchains/llvm/prebuilt/darwin-x86_64/sysroot/usr/include] ==> [/Users/maxmittelstadt/Library/Android/sdk/ndk/27.3.13750724/toolchains/llvm/prebuilt/darwin-x86_64/sysroot/usr/include]
  implicit include dirs: [/Users/maxmittelstadt/Library/Android/sdk/ndk/27.3.13750724/toolchains/llvm/prebuilt/darwin-x86_64/lib/clang/18/include;/Users/maxmittelstadt/Library/Android/sdk/ndk/27.3.13750724/toolchains/llvm/prebuilt/darwin-x86_64/sysroot/usr/include/x86_64-linux-android;/Users/maxmittelstadt/Library/Android/sdk/ndk/27.3.13750724/toolchains/llvm/prebuilt/darwin-x86_64/sysroot/usr/include]


Parsed C implicit link information from above output:
  link line regex: [^( *|.*[/\])(ld\.lld|CMAKE_LINK_STARTFILE-NOTFOUND|([^/\]+-)?ld|collect2)[^/\]*( |$)]
  ignore line: [Change Dir: /Users/maxmittelstadt/Documents/GitHub/LocalPlay/Android/app/.cxx/Debug/6206o4q1/x86_64/CMakeFiles/CMakeTmp]
  ignore line: []
  ignore line: [Run Build Command(s):/Users/maxmittelstadt/Library/Android/sdk/cmake/3.22.1/bin/ninja cmTC_9d04d && [1/2] Building C object CMakeFiles/cmTC_9d04d.dir/CMakeCCompilerABI.c.o]
  ignore line: [Android (13691557  +pgo  -bolt  +lto  -mlgo  based on r522817d) clang version 18.0.4 (https://android.googlesource.com/toolchain/llvm-project d8003a456d14a3deb8054cdaa529ffbf02d9b262)]
  ignore line: [Target: x86_64-none-linux-android29]
  ignore line: [Thread model: posix]
  ignore line: [InstalledDir: /Users/maxmittelstadt/Library/Android/sdk/ndk/27.3.13750724/toolchains/llvm/prebuilt/darwin-x86_64/bin]
  ignore line: [ (in-process)]
  ignore line: [ "/Users/maxmittelstadt/Library/Android/sdk/ndk/27.3.13750724/toolchains/llvm/prebuilt/darwin-x86_64/bin/clang" -cc1 -triple x86_64-none-linux-android29 -emit-obj -mrelax-all -disable-free -clear-ast-before-backend -disable-llvm-verifier -discard-value-names -main-file-name CMakeCCompilerABI.c -mrelocation-model pic -pic-level 2 -pic-is-pie -mframe-pointer=all -ffp-contract=on -fno-rounding-math -mconstructor-aliases -funwind-tables=2 -target-cpu x86-64 -target-feature +sse4.2 -target-feature +popcnt -target-feature +cx16 -tune-cpu generic -debug-info-kind=constructor -dwarf-version=4 -debugger-tuning=gdb -fdebug-compilation-dir=/Users/maxmittelstadt/Documents/GitHub/LocalPlay/Android/app/.cxx/Debug/6206o4q1/x86_64/CMakeFiles/CMakeTmp -v -ffunction-sections -fdata-sections -fcoverage-compilation-dir=/Users/maxmittelstadt/Documents/GitHub/LocalPlay/Android/app/.cxx/Debug/6206o4q1/x86_64/CMakeFiles/CMakeTmp -resource-dir /Users/maxmittelstadt/Library/Android/sdk/ndk/27.3.13750724/toolchains/llvm/prebuilt/darwin-x86_64/lib/clang/18 -dependency-file CMakeFiles/cmTC_9d04d.dir/CMakeCCompilerABI.c.o.d -MT CMakeFiles/cmTC_9d04d.dir/CMakeCCompilerABI.c.o -sys-header-deps -D ANDROID -D __BIONIC_NO_PAGE_SIZE_MACRO -D _FORTIFY_SOURCE=2 -isysroot /Users/maxmittelstadt/Library/Android/sdk/ndk/27.3.13750724/toolchains/llvm/prebuilt/darwin-x86_64/sysroot -internal-isystem /Users/maxmittelstadt/Library/Android/sdk/ndk/27.3.13750724/toolchains/llvm/prebuilt/darwin-x86_64/lib/clang/18/include -internal-isystem /Users/maxmittelstadt/Library/Android/sdk/ndk/27.3.13750724/toolchains/llvm/prebuilt/darwin-x86_64/sysroot/usr/local/include -internal-externc-isystem /Users/maxmittelstadt/Library/Android/sdk/ndk/27.3.13750724/toolchains/llvm/prebuilt/darwin-x86_64/sysroot/usr/include/x86_64-linux-android -internal-externc-isystem /Users/maxmittelstadt/Library/Android/sdk/ndk/27.3.13750724/toolchains/llvm/prebuilt/darwin-x86_64/sysroot/include -internal-externc-isystem /Users/maxmittelstadt/Library/Android/sdk/ndk/27.3.13750724/toolchains/llvm/prebuilt/darwin-x86_64/sysroot/usr/include -Wformat -ferror-limit 19 -stack-protector 2 -fgnuc-version=4.2.1 -D__GCC_HAVE_DWARF2_CFI_ASM=1 -o CMakeFiles/cmTC_9d04d.dir/CMakeCCompilerABI.c.o -x c /Users/maxmittelstadt/Library/Android/sdk/cmake/3.22.1/share/cmake-3.22/Modules/CMakeCCompilerABI.c]
  ignore line: [clang -cc1 version 18.0.4 based upon LLVM 18.0.4 default target arm64-apple-darwin25.6.0]
  ignore line: [ignoring nonexistent directory "/Users/maxmittelstadt/Library/Android/sdk/ndk/27.3.13750724/toolchains/llvm/prebuilt/darwin-x86_64/sysroot/usr/local/include"]
  ignore line: [ignoring nonexistent directory "/Users/maxmittelstadt/Library/Android/sdk/ndk/27.3.13750724/toolchains/llvm/prebuilt/darwin-x86_64/sysroot/include"]
  ignore line: [#include "..." search starts here:]
  ignore line: [#include <...> search starts here:]
  ignore line: [ /Users/maxmittelstadt/Library/Android/sdk/ndk/27.3.13750724/toolchains/llvm/prebuilt/darwin-x86_64/lib/clang/18/include]
  ignore line: [ /Users/maxmittelstadt/Library/Android/sdk/ndk/27.3.13750724/toolchains/llvm/prebuilt/darwin-x86_64/sysroot/usr/include/x86_64-linux-android]
  ignore line: [ /Users/maxmittelstadt/Library/Android/sdk/ndk/27.3.13750724/toolchains/llvm/prebuilt/darwin-x86_64/sysroot/usr/include]
  ignore line: [End of search list.]
  ignore line: [[2/2] Linking C executable cmTC_9d04d]
  ignore line: [Android (13691557  +pgo  -bolt  +lto  -mlgo  based on r522817d) clang version 18.0.4 (https://android.googlesource.com/toolchain/llvm-project d8003a456d14a3deb8054cdaa529ffbf02d9b262)]
  ignore line: [Target: x86_64-none-linux-android29]
  ignore line: [Thread model: posix]
  ignore line: [InstalledDir: /Users/maxmittelstadt/Library/Android/sdk/ndk/27.3.13750724/toolchains/llvm/prebuilt/darwin-x86_64/bin]
  link line: [ "/Users/maxmittelstadt/Library/Android/sdk/ndk/27.3.13750724/toolchains/llvm/prebuilt/darwin-x86_64/bin/ld.lld" --sysroot=/Users/maxmittelstadt/Library/Android/sdk/ndk/27.3.13750724/toolchains/llvm/prebuilt/darwin-x86_64/sysroot -z now -z relro --hash-style=gnu --eh-frame-hdr -m elf_x86_64 -pie -dynamic-linker /system/bin/linker64 -o cmTC_9d04d /Users/maxmittelstadt/Library/Android/sdk/ndk/27.3.13750724/toolchains/llvm/prebuilt/darwin-x86_64/sysroot/usr/lib/x86_64-linux-android/29/crtbegin_dynamic.o -L/Users/maxmittelstadt/Library/Android/sdk/ndk/27.3.13750724/toolchains/llvm/prebuilt/darwin-x86_64/lib/clang/18/lib/linux/x86_64 -L/Users/maxmittelstadt/Library/Android/sdk/ndk/27.3.13750724/toolchains/llvm/prebuilt/darwin-x86_64/sysroot/usr/lib/x86_64-linux-android/29 -L/Users/maxmittelstadt/Library/Android/sdk/ndk/27.3.13750724/toolchains/llvm/prebuilt/darwin-x86_64/sysroot/usr/lib/x86_64-linux-android -L/Users/maxmittelstadt/Library/Android/sdk/ndk/27.3.13750724/toolchains/llvm/prebuilt/darwin-x86_64/sysroot/usr/lib -z max-page-size=16384 --build-id=sha1 --no-rosegment --no-undefined-version --fatal-warnings --no-undefined CMakeFiles/cmTC_9d04d.dir/CMakeCCompilerABI.c.o /Users/maxmittelstadt/Library/Android/sdk/ndk/27.3.13750724/toolchains/llvm/prebuilt/darwin-x86_64/lib/clang/18/lib/linux/libclang_rt.builtins-x86_64-android.a -l:libunwind.a -ldl -lc /Users/maxmittelstadt/Library/Android/sdk/ndk/27.3.13750724/toolchains/llvm/prebuilt/darwin-x86_64/lib/clang/18/lib/linux/libclang_rt.builtins-x86_64-android.a -l:libunwind.a -ldl /Users/maxmittelstadt/Library/Android/sdk/ndk/27.3.13750724/toolchains/llvm/prebuilt/darwin-x86_64/sysroot/usr/lib/x86_64-linux-android/29/crtend_android.o]
    arg [/Users/maxmittelstadt/Library/Android/sdk/ndk/27.3.13750724/toolchains/llvm/prebuilt/darwin-x86_64/bin/ld.lld] ==> ignore
    arg [--sysroot=/Users/maxmittelstadt/Library/Android/sdk/ndk/27.3.13750724/toolchains/llvm/prebuilt/darwin-x86_64/sysroot] ==> ignore
    arg [-znow] ==> ignore
    arg [-zrelro] ==> ignore
    arg [--hash-style=gnu] ==> ignore
    arg [--eh-frame-hdr] ==> ignore
    arg [-m] ==> ignore
    arg [elf_x86_64] ==> ignore
    arg [-pie] ==> ignore
    arg [-dynamic-linker] ==> ignore
    arg [/system/bin/linker64] ==> ignore
    arg [-o] ==> ignore
    arg [cmTC_9d04d] ==> ignore
    arg [/Users/maxmittelstadt/Library/Android/sdk/ndk/27.3.13750724/toolchains/llvm/prebuilt/darwin-x86_64/sysroot/usr/lib/x86_64-linux-android/29/crtbegin_dynamic.o] ==> obj [/Users/maxmittelstadt/Library/Android/sdk/ndk/27.3.13750724/toolchains/llvm/prebuilt/darwin-x86_64/sysroot/usr/lib/x86_64-linux-android/29/crtbegin_dynamic.o]
    arg [-L/Users/maxmittelstadt/Library/Android/sdk/ndk/27.3.13750724/toolchains/llvm/prebuilt/darwin-x86_64/lib/clang/18/lib/linux/x86_64] ==> dir [/Users/maxmittelstadt/Library/Android/sdk/ndk/27.3.13750724/toolchains/llvm/prebuilt/darwin-x86_64/lib/clang/18/lib/linux/x86_64]
    arg [-L/Users/maxmittelstadt/Library/Android/sdk/ndk/27.3.13750724/toolchains/llvm/prebuilt/darwin-x86_64/sysroot/usr/lib/x86_64-linux-android/29] ==> dir [/Users/maxmittelstadt/Library/Android/sdk/ndk/27.3.13750724/toolchains/llvm/prebuilt/darwin-x86_64/sysroot/usr/lib/x86_64-linux-android/29]
    arg [-L/Users/maxmittelstadt/Library/Android/sdk/ndk/27.3.13750724/toolchains/llvm/prebuilt/darwin-x86_64/sysroot/usr/lib/x86_64-linux-android] ==> dir [/Users/maxmittelstadt/Library/Android/sdk/ndk/27.3.13750724/toolchains/llvm/prebuilt/darwin-x86_64/sysroot/usr/lib/x86_64-linux-android]
    arg [-L/Users/maxmittelstadt/Library/Android/sdk/ndk/27.3.13750724/toolchains/llvm/prebuilt/darwin-x86_64/sysroot/usr/lib] ==> dir [/Users/maxmittelstadt/Library/Android/sdk/ndk/27.3.13750724/toolchains/llvm/prebuilt/darwin-x86_64/sysroot/usr/lib]
    arg [-zmax-page-size=16384] ==> ignore
    arg [--build-id=sha1] ==> ignore
    arg [--no-rosegment] ==> ignore
    arg [--no-undefined-version] ==> ignore
    arg [--fatal-warnings] ==> ignore
    arg [--no-undefined] ==> ignore
    arg [CMakeFiles/cmTC_9d04d.dir/CMakeCCompilerABI.c.o] ==> ignore
    arg [/Users/maxmittelstadt/Library/Android/sdk/ndk/27.3.13750724/toolchains/llvm/prebuilt/darwin-x86_64/lib/clang/18/lib/linux/libclang_rt.builtins-x86_64-android.a] ==> lib [/Users/maxmittelstadt/Library/Android/sdk/ndk/27.3.13750724/toolchains/llvm/prebuilt/darwin-x86_64/lib/clang/18/lib/linux/libclang_rt.builtins-x86_64-android.a]
    arg [-l:libunwind.a] ==> lib [-l:libunwind.a]
    arg [-ldl] ==> lib [dl]
    arg [-lc] ==> lib [c]
    arg [/Users/maxmittelstadt/Library/Android/sdk/ndk/27.3.13750724/toolchains/llvm/prebuilt/darwin-x86_64/lib/clang/18/lib/linux/libclang_rt.builtins-x86_64-android.a] ==> lib [/Users/maxmittelstadt/Library/Android/sdk/ndk/27.3.13750724/toolchains/llvm/prebuilt/darwin-x86_64/lib/clang/18/lib/linux/libclang_rt.builtins-x86_64-android.a]
    arg [-l:libunwind.a] ==> lib [-l:libunwind.a]
    arg [-ldl] ==> lib [dl]
    arg [/Users/maxmittelstadt/Library/Android/sdk/ndk/27.3.13750724/toolchains/llvm/prebuilt/darwin-x86_64/sysroot/usr/lib/x86_64-linux-android/29/crtend_android.o] ==> obj [/Users/maxmittelstadt/Library/Android/sdk/ndk/27.3.13750724/toolchains/llvm/prebuilt/darwin-x86_64/sysroot/usr/lib/x86_64-linux-android/29/crtend_android.o]
  remove lib [/Users/maxmittelstadt/Library/Android/sdk/ndk/27.3.13750724/toolchains/llvm/prebuilt/darwin-x86_64/lib/clang/18/lib/linux/libclang_rt.builtins-x86_64-android.a]
  remove lib [/Users/maxmittelstadt/Library/Android/sdk/ndk/27.3.13750724/toolchains/llvm/prebuilt/darwin-x86_64/lib/clang/18/lib/linux/libclang_rt.builtins-x86_64-android.a]
  collapse library dir [/Users/maxmittelstadt/Library/Android/sdk/ndk/27.3.13750724/toolchains/llvm/prebuilt/darwin-x86_64/lib/clang/18/lib/linux/x86_64] ==> [/Users/maxmittelstadt/Library/Android/sdk/ndk/27.3.13750724/toolchains/llvm/prebuilt/darwin-x86_64/lib/clang/18/lib/linux/x86_64]
  collapse library dir [/Users/maxmittelstadt/Library/Android/sdk/ndk/27.3.13750724/toolchains/llvm/prebuilt/darwin-x86_64/sysroot/usr/lib/x86_64-linux-android/29] ==> [/Users/maxmittelstadt/Library/Android/sdk/ndk/27.3.13750724/toolchains/llvm/prebuilt/darwin-x86_64/sysroot/usr/lib/x86_64-linux-android/29]
  collapse library dir [/Users/maxmittelstadt/Library/Android/sdk/ndk/27.3.13750724/toolchains/llvm/prebuilt/darwin-x86_64/sysroot/usr/lib/x86_64-linux-android] ==> [/Users/maxmittelstadt/Library/Android/sdk/ndk/27.3.13750724/toolchains/llvm/prebuilt/darwin-x86_64/sysroot/usr/lib/x86_64-linux-android]
  collapse library dir [/Users/maxmittelstadt/Library/Android/sdk/ndk/27.3.13750724/toolchains/llvm/prebuilt/darwin-x86_64/sysroot/usr/lib] ==> [/Users/maxmittelstadt/Library/Android/sdk/ndk/27.3.13750724/toolchains/llvm/prebuilt/darwin-x86_64/sysroot/usr/lib]
  implicit libs: [-l:libunwind.a;dl;c;-l:libunwind.a;dl]
  implicit objs: [/Users/maxmittelstadt/Library/Android/sdk/ndk/27.3.13750724/toolchains/llvm/prebuilt/darwin-x86_64/sysroot/usr/lib/x86_64-linux-android/29/crtbegin_dynamic.o;/Users/maxmittelstadt/Library/Android/sdk/ndk/27.3.13750724/toolchains/llvm/prebuilt/darwin-x86_64/sysroot/usr/lib/x86_64-linux-android/29/crtend_android.o]
  implicit dirs: [/Users/maxmittelstadt/Library/Android/sdk/ndk/27.3.13750724/toolchains/llvm/prebuilt/darwin-x86_64/lib/clang/18/lib/linux/x86_64;/Users/maxmittelstadt/Library/Android/sdk/ndk/27.3.13750724/toolchains/llvm/prebuilt/darwin-x86_64/sysroot/usr/lib/x86_64-linux-android/29;/Users/maxmittelstadt/Library/Android/sdk/ndk/27.3.13750724/toolchains/llvm/prebuilt/darwin-x86_64/sysroot/usr/lib/x86_64-linux-android;/Users/maxmittelstadt/Library/Android/sdk/ndk/27.3.13750724/toolchains/llvm/prebuilt/darwin-x86_64/sysroot/usr/lib]
  implicit fwks: []


Detecting CXX compiler ABI info compiled with the following output:
Change Dir: /Users/maxmittelstadt/Documents/GitHub/LocalPlay/Android/app/.cxx/Debug/6206o4q1/x86_64/CMakeFiles/CMakeTmp

Run Build Command(s):/Users/maxmittelstadt/Library/Android/sdk/cmake/3.22.1/bin/ninja cmTC_a3237 && [1/2] Building CXX object CMakeFiles/cmTC_a3237.dir/CMakeCXXCompilerABI.cpp.o
Android (13691557, +pgo, -bolt, +lto, -mlgo, based on r522817d) clang version 18.0.4 (https://android.googlesource.com/toolchain/llvm-project d8003a456d14a3deb8054cdaa529ffbf02d9b262)
Target: x86_64-none-linux-android29
Thread model: posix
InstalledDir: /Users/maxmittelstadt/Library/Android/sdk/ndk/27.3.13750724/toolchains/llvm/prebuilt/darwin-x86_64/bin
 (in-process)
 "/Users/maxmittelstadt/Library/Android/sdk/ndk/27.3.13750724/toolchains/llvm/prebuilt/darwin-x86_64/bin/clang++" -cc1 -triple x86_64-none-linux-android29 -emit-obj -mrelax-all -disable-free -clear-ast-before-backend -disable-llvm-verifier -discard-value-names -main-file-name CMakeCXXCompilerABI.cpp -mrelocation-model pic -pic-level 2 -pic-is-pie -mframe-pointer=all -ffp-contract=on -fno-rounding-math -mconstructor-aliases -funwind-tables=2 -target-cpu x86-64 -target-feature +sse4.2 -target-feature +popcnt -target-feature +cx16 -tune-cpu generic -debug-info-kind=constructor -dwarf-version=4 -debugger-tuning=gdb -fdebug-compilation-dir=/Users/maxmittelstadt/Documents/GitHub/LocalPlay/Android/app/.cxx/Debug/6206o4q1/x86_64/CMakeFiles/CMakeTmp -v -ffunction-sections -fdata-sections -fcoverage-compilation-dir=/Users/maxmittelstadt/Documents/GitHub/LocalPlay/Android/app/.cxx/Debug/6206o4q1/x86_64/CMakeFiles/CMakeTmp -resource-dir /Users/maxmittelstadt/Library/Android/sdk/ndk/27.3.13750724/toolchains/llvm/prebuilt/darwin-x86_64/lib/clang/18 -dependency-file CMakeFiles/cmTC_a3237.dir/CMakeCXXCompilerABI.cpp.o.d -MT CMakeFiles/cmTC_a3237.dir/CMakeCXXCompilerABI.cpp.o -sys-header-deps -D ANDROID -D __BIONIC_NO_PAGE_SIZE_MACRO -D _FORTIFY_SOURCE=2 -isysroot /Users/maxmittelstadt/Library/Android/sdk/ndk/27.3.13750724/toolchains/llvm/prebuilt/darwin-x86_64/sysroot -internal-isystem /Users/maxmittelstadt/Library/Android/sdk/ndk/27.3.13750724/toolchains/llvm/prebuilt/darwin-x86_64/sysroot/usr/include/c++/v1 -internal-isystem /Users/maxmittelstadt/Library/Android/sdk/ndk/27.3.13750724/toolchains/llvm/prebuilt/darwin-x86_64/lib/clang/18/include -internal-isystem /Users/maxmittelstadt/Library/Android/sdk/ndk/27.3.13750724/toolchains/llvm/prebuilt/darwin-x86_64/sysroot/usr/local/include -internal-externc-isystem /Users/maxmittelstadt/Library/Android/sdk/ndk/27.3.13750724/toolchains/llvm/prebuilt/darwin-x86_64/sysroot/usr/include/x86_64-linux-android -internal-externc-isystem /Users/maxmittelstadt/Library/Android/sdk/ndk/27.3.13750724/toolchains/llvm/prebuilt/darwin-x86_64/sysroot/include -internal-externc-isystem /Users/maxmittelstadt/Library/Android/sdk/ndk/27.3.13750724/toolchains/llvm/prebuilt/darwin-x86_64/sysroot/usr/include -Wformat -Wall -Wextra -std=c++17 -fdeprecated-macro -ferror-limit 19 -stack-protector 2 -fgnuc-version=4.2.1 -fcxx-exceptions -fexceptions -D__GCC_HAVE_DWARF2_CFI_ASM=1 -o CMakeFiles/cmTC_a3237.dir/CMakeCXXCompilerABI.cpp.o -x c++ /Users/maxmittelstadt/Library/Android/sdk/cmake/3.22.1/share/cmake-3.22/Modules/CMakeCXXCompilerABI.cpp
clang -cc1 version 18.0.4 based upon LLVM 18.0.4 default target arm64-apple-darwin25.6.0
ignoring nonexistent directory "/Users/maxmittelstadt/Library/Android/sdk/ndk/27.3.13750724/toolchains/llvm/prebuilt/darwin-x86_64/sysroot/usr/local/include"
ignoring nonexistent directory "/Users/maxmittelstadt/Library/Android/sdk/ndk/27.3.13750724/toolchains/llvm/prebuilt/darwin-x86_64/sysroot/include"
#include "..." search starts here:
#include <...> search starts here:
 /Users/maxmittelstadt/Library/Android/sdk/ndk/27.3.13750724/toolchains/llvm/prebuilt/darwin-x86_64/sysroot/usr/include/c++/v1
 /Users/maxmittelstadt/Library/Android/sdk/ndk/27.3.13750724/toolchains/llvm/prebuilt/darwin-x86_64/lib/clang/18/include
 /Users/maxmittelstadt/Library/Android/sdk/ndk/27.3.13750724/toolchains/llvm/prebuilt/darwin-x86_64/sysroot/usr/include/x86_64-linux-android
 /Users/maxmittelstadt/Library/Android/sdk/ndk/27.3.13750724/toolchains/llvm/prebuilt/darwin-x86_64/sysroot/usr/include
End of search list.
[2/2] Linking CXX executable cmTC_a3237
Android (13691557, +pgo, -bolt, +lto, -mlgo, based on r522817d) clang version 18.0.4 (https://android.googlesource.com/toolchain/llvm-project d8003a456d14a3deb8054cdaa529ffbf02d9b262)
Target: x86_64-none-linux-android29
Thread model: posix
InstalledDir: /Users/maxmittelstadt/Library/Android/sdk/ndk/27.3.13750724/toolchains/llvm/prebuilt/darwin-x86_64/bin
 "/Users/maxmittelstadt/Library/Android/sdk/ndk/27.3.13750724/toolchains/llvm/prebuilt/darwin-x86_64/bin/ld.lld" --sysroot=/Users/maxmittelstadt/Library/Android/sdk/ndk/27.3.13750724/toolchains/llvm/prebuilt/darwin-x86_64/sysroot -z now -z relro --hash-style=gnu --eh-frame-hdr -m elf_x86_64 -pie -dynamic-linker /system/bin/linker64 -o cmTC_a3237 /Users/maxmittelstadt/Library/Android/sdk/ndk/27.3.13750724/toolchains/llvm/prebuilt/darwin-x86_64/sysroot/usr/lib/x86_64-linux-android/29/crtbegin_dynamic.o -L/Users/maxmittelstadt/Library/Android/sdk/ndk/27.3.13750724/toolchains/llvm/prebuilt/darwin-x86_64/lib/clang/18/lib/linux/x86_64 -L/Users/maxmittelstadt/Library/Android/sdk/ndk/27.3.13750724/toolchains/llvm/prebuilt/darwin-x86_64/sysroot/usr/lib/x86_64-linux-android/29 -L/Users/maxmittelstadt/Library/Android/sdk/ndk/27.3.13750724/toolchains/llvm/prebuilt/darwin-x86_64/sysroot/usr/lib/x86_64-linux-android -L/Users/maxmittelstadt/Library/Android/sdk/ndk/27.3.13750724/toolchains/llvm/prebuilt/darwin-x86_64/sysroot/usr/lib -z max-page-size=16384 --build-id=sha1 --no-rosegment --no-undefined-version --fatal-warnings --no-undefined CMakeFiles/cmTC_a3237.dir/CMakeCXXCompilerABI.cpp.o -Bstatic -lc++ -Bdynamic -lm /Users/maxmittelstadt/Library/Android/sdk/ndk/27.3.13750724/toolchains/llvm/prebuilt/darwin-x86_64/lib/clang/18/lib/linux/libclang_rt.builtins-x86_64-android.a -l:libunwind.a -ldl -lc /Users/maxmittelstadt/Library/Android/sdk/ndk/27.3.13750724/toolchains/llvm/prebuilt/darwin-x86_64/lib/clang/18/lib/linux/libclang_rt.builtins-x86_64-android.a -l:libunwind.a -ldl /Users/maxmittelstadt/Library/Android/sdk/ndk/27.3.13750724/toolchains/llvm/prebuilt/darwin-x86_64/sysroot/usr/lib/x86_64-linux-android/29/crtend_android.o



Parsed CXX implicit include dir info from above output: rv=done
  found start of include info
  found start of implicit include info
    add: [/Users/maxmittelstadt/Library/Android/sdk/ndk/27.3.13750724/toolchains/llvm/prebuilt/darwin-x86_64/sysroot/usr/include/c++/v1]
    add: [/Users/maxmittelstadt/Library/Android/sdk/ndk/27.3.13750724/toolchains/llvm/prebuilt/darwin-x86_64/lib/clang/18/include]
    add: [/Users/maxmittelstadt/Library/Android/sdk/ndk/27.3.13750724/toolchains/llvm/prebuilt/darwin-x86_64/sysroot/usr/include/x86_64-linux-android]
    add: [/Users/maxmittelstadt/Library/Android/sdk/ndk/27.3.13750724/toolchains/llvm/prebuilt/darwin-x86_64/sysroot/usr/include]
  end of search list found
  collapse include dir [/Users/maxmittelstadt/Library/Android/sdk/ndk/27.3.13750724/toolchains/llvm/prebuilt/darwin-x86_64/sysroot/usr/include/c++/v1] ==> [/Users/maxmittelstadt/Library/Android/sdk/ndk/27.3.13750724/toolchains/llvm/prebuilt/darwin-x86_64/sysroot/usr/include/c++/v1]
  collapse include dir [/Users/maxmittelstadt/Library/Android/sdk/ndk/27.3.13750724/toolchains/llvm/prebuilt/darwin-x86_64/lib/clang/18/include] ==> [/Users/maxmittelstadt/Library/Android/sdk/ndk/27.3.13750724/toolchains/llvm/prebuilt/darwin-x86_64/lib/clang/18/include]
  collapse include dir [/Users/maxmittelstadt/Library/Android/sdk/ndk/27.3.13750724/toolchains/llvm/prebuilt/darwin-x86_64/sysroot/usr/include/x86_64-linux-android] ==> [/Users/maxmittelstadt/Library/Android/sdk/ndk/27.3.13750724/toolchains/llvm/prebuilt/darwin-x86_64/sysroot/usr/include/x86_64-linux-android]
  collapse include dir [/Users/maxmittelstadt/Library/Android/sdk/ndk/27.3.13750724/toolchains/llvm/prebuilt/darwin-x86_64/sysroot/usr/include] ==> [/Users/maxmittelstadt/Library/Android/sdk/ndk/27.3.13750724/toolchains/llvm/prebuilt/darwin-x86_64/sysroot/usr/include]
  implicit include dirs: [/Users/maxmittelstadt/Library/Android/sdk/ndk/27.3.13750724/toolchains/llvm/prebuilt/darwin-x86_64/sysroot/usr/include/c++/v1;/Users/maxmittelstadt/Library/Android/sdk/ndk/27.3.13750724/toolchains/llvm/prebuilt/darwin-x86_64/lib/clang/18/include;/Users/maxmittelstadt/Library/Android/sdk/ndk/27.3.13750724/toolchains/llvm/prebuilt/darwin-x86_64/sysroot/usr/include/x86_64-linux-android;/Users/maxmittelstadt/Library/Android/sdk/ndk/27.3.13750724/toolchains/llvm/prebuilt/darwin-x86_64/sysroot/usr/include]


Parsed CXX implicit link information from above output:
  link line regex: [^( *|.*[/\])(ld\.lld|CMAKE_LINK_STARTFILE-NOTFOUND|([^/\]+-)?ld|collect2)[^/\]*( |$)]
  ignore line: [Change Dir: /Users/maxmittelstadt/Documents/GitHub/LocalPlay/Android/app/.cxx/Debug/6206o4q1/x86_64/CMakeFiles/CMakeTmp]
  ignore line: []
  ignore line: [Run Build Command(s):/Users/maxmittelstadt/Library/Android/sdk/cmake/3.22.1/bin/ninja cmTC_a3237 && [1/2] Building CXX object CMakeFiles/cmTC_a3237.dir/CMakeCXXCompilerABI.cpp.o]
  ignore line: [Android (13691557  +pgo  -bolt  +lto  -mlgo  based on r522817d) clang version 18.0.4 (https://android.googlesource.com/toolchain/llvm-project d8003a456d14a3deb8054cdaa529ffbf02d9b262)]
  ignore line: [Target: x86_64-none-linux-android29]
  ignore line: [Thread model: posix]
  ignore line: [InstalledDir: /Users/maxmittelstadt/Library/Android/sdk/ndk/27.3.13750724/toolchains/llvm/prebuilt/darwin-x86_64/bin]
  ignore line: [ (in-process)]
  ignore line: [ "/Users/maxmittelstadt/Library/Android/sdk/ndk/27.3.13750724/toolchains/llvm/prebuilt/darwin-x86_64/bin/clang++" -cc1 -triple x86_64-none-linux-android29 -emit-obj -mrelax-all -disable-free -clear-ast-before-backend -disable-llvm-verifier -discard-value-names -main-file-name CMakeCXXCompilerABI.cpp -mrelocation-model pic -pic-level 2 -pic-is-pie -mframe-pointer=all -ffp-contract=on -fno-rounding-math -mconstructor-aliases -funwind-tables=2 -target-cpu x86-64 -target-feature +sse4.2 -target-feature +popcnt -target-feature +cx16 -tune-cpu generic -debug-info-kind=constructor -dwarf-version=4 -debugger-tuning=gdb -fdebug-compilation-dir=/Users/maxmittelstadt/Documents/GitHub/LocalPlay/Android/app/.cxx/Debug/6206o4q1/x86_64/CMakeFiles/CMakeTmp -v -ffunction-sections -fdata-sections -fcoverage-compilation-dir=/Users/maxmittelstadt/Documents/GitHub/LocalPlay/Android/app/.cxx/Debug/6206o4q1/x86_64/CMakeFiles/CMakeTmp -resource-dir /Users/maxmittelstadt/Library/Android/sdk/ndk/27.3.13750724/toolchains/llvm/prebuilt/darwin-x86_64/lib/clang/18 -dependency-file CMakeFiles/cmTC_a3237.dir/CMakeCXXCompilerABI.cpp.o.d -MT CMakeFiles/cmTC_a3237.dir/CMakeCXXCompilerABI.cpp.o -sys-header-deps -D ANDROID -D __BIONIC_NO_PAGE_SIZE_MACRO -D _FORTIFY_SOURCE=2 -isysroot /Users/maxmittelstadt/Library/Android/sdk/ndk/27.3.13750724/toolchains/llvm/prebuilt/darwin-x86_64/sysroot -internal-isystem /Users/maxmittelstadt/Library/Android/sdk/ndk/27.3.13750724/toolchains/llvm/prebuilt/darwin-x86_64/sysroot/usr/include/c++/v1 -internal-isystem /Users/maxmittelstadt/Library/Android/sdk/ndk/27.3.13750724/toolchains/llvm/prebuilt/darwin-x86_64/lib/clang/18/include -internal-isystem /Users/maxmittelstadt/Library/Android/sdk/ndk/27.3.13750724/toolchains/llvm/prebuilt/darwin-x86_64/sysroot/usr/local/include -internal-externc-isystem /Users/maxmittelstadt/Library/Android/sdk/ndk/27.3.13750724/toolchains/llvm/prebuilt/darwin-x86_64/sysroot/usr/include/x86_64-linux-android -internal-externc-isystem /Users/maxmittelstadt/Library/Android/sdk/ndk/27.3.13750724/toolchains/llvm/prebuilt/darwin-x86_64/sysroot/include -internal-externc-isystem /Users/maxmittelstadt/Library/Android/sdk/ndk/27.3.13750724/toolchains/llvm/prebuilt/darwin-x86_64/sysroot/usr/include -Wformat -Wall -Wextra -std=c++17 -fdeprecated-macro -ferror-limit 19 -stack-protector 2 -fgnuc-version=4.2.1 -fcxx-exceptions -fexceptions -D__GCC_HAVE_DWARF2_CFI_ASM=1 -o CMakeFiles/cmTC_a3237.dir/CMakeCXXCompilerABI.cpp.o -x c++ /Users/maxmittelstadt/Library/Android/sdk/cmake/3.22.1/share/cmake-3.22/Modules/CMakeCXXCompilerABI.cpp]
  ignore line: [clang -cc1 version 18.0.4 based upon LLVM 18.0.4 default target arm64-apple-darwin25.6.0]
  ignore line: [ignoring nonexistent directory "/Users/maxmittelstadt/Library/Android/sdk/ndk/27.3.13750724/toolchains/llvm/prebuilt/darwin-x86_64/sysroot/usr/local/include"]
  ignore line: [ignoring nonexistent directory "/Users/maxmittelstadt/Library/Android/sdk/ndk/27.3.13750724/toolchains/llvm/prebuilt/darwin-x86_64/sysroot/include"]
  ignore line: [#include "..." search starts here:]
  ignore line: [#include <...> search starts here:]
  ignore line: [ /Users/maxmittelstadt/Library/Android/sdk/ndk/27.3.13750724/toolchains/llvm/prebuilt/darwin-x86_64/sysroot/usr/include/c++/v1]
  ignore line: [ /Users/maxmittelstadt/Library/Android/sdk/ndk/27.3.13750724/toolchains/llvm/prebuilt/darwin-x86_64/lib/clang/18/include]
  ignore line: [ /Users/maxmittelstadt/Library/Android/sdk/ndk/27.3.13750724/toolchains/llvm/prebuilt/darwin-x86_64/sysroot/usr/include/x86_64-linux-android]
  ignore line: [ /Users/maxmittelstadt/Library/Android/sdk/ndk/27.3.13750724/toolchains/llvm/prebuilt/darwin-x86_64/sysroot/usr/include]
  ignore line: [End of search list.]
  ignore line: [[2/2] Linking CXX executable cmTC_a3237]
  ignore line: [Android (13691557  +pgo  -bolt  +lto  -mlgo  based on r522817d) clang version 18.0.4 (https://android.googlesource.com/toolchain/llvm-project d8003a456d14a3deb8054cdaa529ffbf02d9b262)]
  ignore line: [Target: x86_64-none-linux-android29]
  ignore line: [Thread model: posix]
  ignore line: [InstalledDir: /Users/maxmittelstadt/Library/Android/sdk/ndk/27.3.13750724/toolchains/llvm/prebuilt/darwin-x86_64/bin]
  link line: [ "/Users/maxmittelstadt/Library/Android/sdk/ndk/27.3.13750724/toolchains/llvm/prebuilt/darwin-x86_64/bin/ld.lld" --sysroot=/Users/maxmittelstadt/Library/Android/sdk/ndk/27.3.13750724/toolchains/llvm/prebuilt/darwin-x86_64/sysroot -z now -z relro --hash-style=gnu --eh-frame-hdr -m elf_x86_64 -pie -dynamic-linker /system/bin/linker64 -o cmTC_a3237 /Users/maxmittelstadt/Library/Android/sdk/ndk/27.3.13750724/toolchains/llvm/prebuilt/darwin-x86_64/sysroot/usr/lib/x86_64-linux-android/29/crtbegin_dynamic.o -L/Users/maxmittelstadt/Library/Android/sdk/ndk/27.3.13750724/toolchains/llvm/prebuilt/darwin-x86_64/lib/clang/18/lib/linux/x86_64 -L/Users/maxmittelstadt/Library/Android/sdk/ndk/27.3.13750724/toolchains/llvm/prebuilt/darwin-x86_64/sysroot/usr/lib/x86_64-linux-android/29 -L/Users/maxmittelstadt/Library/Android/sdk/ndk/27.3.13750724/toolchains/llvm/prebuilt/darwin-x86_64/sysroot/usr/lib/x86_64-linux-android -L/Users/maxmittelstadt/Library/Android/sdk/ndk/27.3.13750724/toolchains/llvm/prebuilt/darwin-x86_64/sysroot/usr/lib -z max-page-size=16384 --build-id=sha1 --no-rosegment --no-undefined-version --fatal-warnings --no-undefined CMakeFiles/cmTC_a3237.dir/CMakeCXXCompilerABI.cpp.o -Bstatic -lc++ -Bdynamic -lm /Users/maxmittelstadt/Library/Android/sdk/ndk/27.3.13750724/toolchains/llvm/prebuilt/darwin-x86_64/lib/clang/18/lib/linux/libclang_rt.builtins-x86_64-android.a -l:libunwind.a -ldl -lc /Users/maxmittelstadt/Library/Android/sdk/ndk/27.3.13750724/toolchains/llvm/prebuilt/darwin-x86_64/lib/clang/18/lib/linux/libclang_rt.builtins-x86_64-android.a -l:libunwind.a -ldl /Users/maxmittelstadt/Library/Android/sdk/ndk/27.3.13750724/toolchains/llvm/prebuilt/darwin-x86_64/sysroot/usr/lib/x86_64-linux-android/29/crtend_android.o]
    arg [/Users/maxmittelstadt/Library/Android/sdk/ndk/27.3.13750724/toolchains/llvm/prebuilt/darwin-x86_64/bin/ld.lld] ==> ignore
    arg [--sysroot=/Users/maxmittelstadt/Library/Android/sdk/ndk/27.3.13750724/toolchains/llvm/prebuilt/darwin-x86_64/sysroot] ==> ignore
    arg [-znow] ==> ignore
    arg [-zrelro] ==> ignore
    arg [--hash-style=gnu] ==> ignore
    arg [--eh-frame-hdr] ==> ignore
    arg [-m] ==> ignore
    arg [elf_x86_64] ==> ignore
    arg [-pie] ==> ignore
    arg [-dynamic-linker] ==> ignore
    arg [/system/bin/linker64] ==> ignore
    arg [-o] ==> ignore
    arg [cmTC_a3237] ==> ignore
    arg [/Users/maxmittelstadt/Library/Android/sdk/ndk/27.3.13750724/toolchains/llvm/prebuilt/darwin-x86_64/sysroot/usr/lib/x86_64-linux-android/29/crtbegin_dynamic.o] ==> obj [/Users/maxmittelstadt/Library/Android/sdk/ndk/27.3.13750724/toolchains/llvm/prebuilt/darwin-x86_64/sysroot/usr/lib/x86_64-linux-android/29/crtbegin_dynamic.o]
    arg [-L/Users/maxmittelstadt/Library/Android/sdk/ndk/27.3.13750724/toolchains/llvm/prebuilt/darwin-x86_64/lib/clang/18/lib/linux/x86_64] ==> dir [/Users/maxmittelstadt/Library/Android/sdk/ndk/27.3.13750724/toolchains/llvm/prebuilt/darwin-x86_64/lib/clang/18/lib/linux/x86_64]
    arg [-L/Users/maxmittelstadt/Library/Android/sdk/ndk/27.3.13750724/toolchains/llvm/prebuilt/darwin-x86_64/sysroot/usr/lib/x86_64-linux-android/29] ==> dir [/Users/maxmittelstadt/Library/Android/sdk/ndk/27.3.13750724/toolchains/llvm/prebuilt/darwin-x86_64/sysroot/usr/lib/x86_64-linux-android/29]
    arg [-L/Users/maxmittelstadt/Library/Android/sdk/ndk/27.3.13750724/toolchains/llvm/prebuilt/darwin-x86_64/sysroot/usr/lib/x86_64-linux-android] ==> dir [/Users/maxmittelstadt/Library/Android/sdk/ndk/27.3.13750724/toolchains/llvm/prebuilt/darwin-x86_64/sysroot/usr/lib/x86_64-linux-android]
    arg [-L/Users/maxmittelstadt/Library/Android/sdk/ndk/27.3.13750724/toolchains/llvm/prebuilt/darwin-x86_64/sysroot/usr/lib] ==> dir [/Users/maxmittelstadt/Library/Android/sdk/ndk/27.3.13750724/toolchains/llvm/prebuilt/darwin-x86_64/sysroot/usr/lib]
    arg [-zmax-page-size=16384] ==> ignore
    arg [--build-id=sha1] ==> ignore
    arg [--no-rosegment] ==> ignore
    arg [--no-undefined-version] ==> ignore
    arg [--fatal-warnings] ==> ignore
    arg [--no-undefined] ==> ignore
    arg [CMakeFiles/cmTC_a3237.dir/CMakeCXXCompilerABI.cpp.o] ==> ignore
    arg [-Bstatic] ==> search static
    arg [-lc++] ==> lib [c++]
    arg [-Bdynamic] ==> search dynamic
    arg [-lm] ==> lib [m]
    arg [/Users/maxmittelstadt/Library/Android/sdk/ndk/27.3.13750724/toolchains/llvm/prebuilt/darwin-x86_64/lib/clang/18/lib/linux/libclang_rt.builtins-x86_64-android.a] ==> lib [/Users/maxmittelstadt/Library/Android/sdk/ndk/27.3.13750724/toolchains/llvm/prebuilt/darwin-x86_64/lib/clang/18/lib/linux/libclang_rt.builtins-x86_64-android.a]
    arg [-l:libunwind.a] ==> lib [-l:libunwind.a]
    arg [-ldl] ==> lib [dl]
    arg [-lc] ==> lib [c]
    arg [/Users/maxmittelstadt/Library/Android/sdk/ndk/27.3.13750724/toolchains/llvm/prebuilt/darwin-x86_64/lib/clang/18/lib/linux/libclang_rt.builtins-x86_64-android.a] ==> lib [/Users/maxmittelstadt/Library/Android/sdk/ndk/27.3.13750724/toolchains/llvm/prebuilt/darwin-x86_64/lib/clang/18/lib/linux/libclang_rt.builtins-x86_64-android.a]
    arg [-l:libunwind.a] ==> lib [-l:libunwind.a]
    arg [-ldl] ==> lib [dl]
    arg [/Users/maxmittelstadt/Library/Android/sdk/ndk/27.3.13750724/toolchains/llvm/prebuilt/darwin-x86_64/sysroot/usr/lib/x86_64-linux-android/29/crtend_android.o] ==> obj [/Users/maxmittelstadt/Library/Android/sdk/ndk/27.3.13750724/toolchains/llvm/prebuilt/darwin-x86_64/sysroot/usr/lib/x86_64-linux-android/29/crtend_android.o]
  remove lib [/Users/maxmittelstadt/Library/Android/sdk/ndk/27.3.13750724/toolchains/llvm/prebuilt/darwin-x86_64/lib/clang/18/lib/linux/libclang_rt.builtins-x86_64-android.a]
  remove lib [/Users/maxmittelstadt/Library/Android/sdk/ndk/27.3.13750724/toolchains/llvm/prebuilt/darwin-x86_64/lib/clang/18/lib/linux/libclang_rt.builtins-x86_64-android.a]
  collapse library dir [/Users/maxmittelstadt/Library/Android/sdk/ndk/27.3.13750724/toolchains/llvm/prebuilt/darwin-x86_64/lib/clang/18/lib/linux/x86_64] ==> [/Users/maxmittelstadt/Library/Android/sdk/ndk/27.3.13750724/toolchains/llvm/prebuilt/darwin-x86_64/lib/clang/18/lib/linux/x86_64]
  collapse library dir [/Users/maxmittelstadt/Library/Android/sdk/ndk/27.3.13750724/toolchains/llvm/prebuilt/darwin-x86_64/sysroot/usr/lib/x86_64-linux-android/29] ==> [/Users/maxmittelstadt/Library/Android/sdk/ndk/27.3.13750724/toolchains/llvm/prebuilt/darwin-x86_64/sysroot/usr/lib/x86_64-linux-android/29]
  collapse library dir [/Users/maxmittelstadt/Library/Android/sdk/ndk/27.3.13750724/toolchains/llvm/prebuilt/darwin-x86_64/sysroot/usr/lib/x86_64-linux-android] ==> [/Users/maxmittelstadt/Library/Android/sdk/ndk/27.3.13750724/toolchains/llvm/prebuilt/darwin-x86_64/sysroot/usr/lib/x86_64-linux-android]
  collapse library dir [/Users/maxmittelstadt/Library/Android/sdk/ndk/27.3.13750724/toolchains/llvm/prebuilt/darwin-x86_64/sysroot/usr/lib] ==> [/Users/maxmittelstadt/Library/Android/sdk/ndk/27.3.13750724/toolchains/llvm/prebuilt/darwin-x86_64/sysroot/usr/lib]
  implicit libs: [c++;m;-l:libunwind.a;dl;c;-l:libunwind.a;dl]
  implicit objs: [/Users/maxmittelstadt/Library/Android/sdk/ndk/27.3.13750724/toolchains/llvm/prebuilt/darwin-x86_64/sysroot/usr/lib/x86_64-linux-android/29/crtbegin_dynamic.o;/Users/maxmittelstadt/Library/Android/sdk/ndk/27.3.13750724/toolchains/llvm/prebuilt/darwin-x86_64/sysroot/usr/lib/x86_64-linux-android/29/crtend_android.o]
  implicit dirs: [/Users/maxmittelstadt/Library/Android/sdk/ndk/27.3.13750724/toolchains/llvm/prebuilt/darwin-x86_64/lib/clang/18/lib/linux/x86_64;/Users/maxmittelstadt/Library/Android/sdk/ndk/27.3.13750724/toolchains/llvm/prebuilt/darwin-x86_64/sysroot/usr/lib/x86_64-linux-android/29;/Users/maxmittelstadt/Library/Android/sdk/ndk/27.3.13750724/toolchains/llvm/prebuilt/darwin-x86_64/sysroot/usr/lib/x86_64-linux-android;/Users/maxmittelstadt/Library/Android/sdk/ndk/27.3.13750724/toolchains/llvm/prebuilt/darwin-x86_64/sysroot/usr/lib]
  implicit fwks: []


